// Jest Snapshot v1, https://goo.gl/fbAQLP

exports[`IdeaForm matches the snapshot 1`] = `undefined`;
